----------------------------------------------------------------
Wed Jun 14 09:42:12 EDT 2023:
Booting Derby version The Apache Software Foundation - Apache Derby - 10.16.1.1 - (1901046): instance a816c00e-0188-ba24-78ab-0000096e3000 
on database directory /home/matt/code/demofw/db_a with class loader jdk.internal.loader.ClassLoaders$AppClassLoader@251a69d7 
Loaded from file:/home/matt/.m2/repository/org/apache/derby/derby/10.16.1.1/derby-10.16.1.1.jar
java.vendor=Private Build
java.runtime.version=17.0.7+7-Ubuntu-0ubuntu120.04
user.dir=/home/matt/code/demofw
os.name=Linux
os.arch=amd64
os.version=5.15.0-73-generic
derby.system.home=null
Database Class Loader started - derby.database.classpath=''
----------------------------------------------------------------
Wed Jun 14 09:42:17 EDT 2023:
Shutting down instance a816c00e-0188-ba24-78ab-0000096e3000 on database directory /home/matt/code/demofw/db_a with class loader jdk.internal.loader.ClassLoaders$AppClassLoader@251a69d7 
Wed Jun 14 09:42:17 EDT 2023 Thread[main,5,main] Cleanup action starting
java.sql.SQLException: Database 'db_b' not found.
	at org.apache.derby.impl.jdbc.SQLExceptionFactory.getSQLException(SQLExceptionFactory.java:115)
	at org.apache.derby.impl.jdbc.SQLExceptionFactory.getSQLException(SQLExceptionFactory.java:141)
	at org.apache.derby.impl.jdbc.Util.generateCsSQLException(Util.java:225)
	at org.apache.derby.impl.jdbc.Util.generateCsSQLException(Util.java:220)
	at org.apache.derby.impl.jdbc.EmbedConnection.newSQLException(EmbedConnection.java:3208)
	at org.apache.derby.impl.jdbc.EmbedConnection.handleDBNotFound(EmbedConnection.java:767)
	at org.apache.derby.impl.jdbc.EmbedConnection.<init>(EmbedConnection.java:437)
	at org.apache.derby.iapi.jdbc.InternalDriver.getNewEmbedConnection(InternalDriver.java:630)
	at org.apache.derby.iapi.jdbc.InternalDriver.connect(InternalDriver.java:295)
	at org.apache.derby.iapi.jdbc.InternalDriver.connect(InternalDriver.java:922)
	at org.apache.derby.iapi.jdbc.AutoloadedDriver.connect(AutoloadedDriver.java:132)
	at java.sql/java.sql.DriverManager.getConnection(DriverManager.java:681)
	at java.sql/java.sql.DriverManager.getConnection(DriverManager.java:252)
	at com.Lightwell.dbtesting.common.workers.DataWorker.shutDownDb(DataWorker.java:197)
	at com.Lightwell.dbtesting.common.main.DBObject.shutDownDb(DBObject.java:111)
	at stepDefinitions.com.eliassen.crucible.demo.DbSteps.releaseConnection(DbSteps.java:54)
	at java.base/jdk.internal.reflect.NativeMethodAccessorImpl.invoke0(Native Method)
	at java.base/jdk.internal.reflect.NativeMethodAccessorImpl.invoke(NativeMethodAccessorImpl.java:77)
	at java.base/jdk.internal.reflect.DelegatingMethodAccessorImpl.invoke(DelegatingMethodAccessorImpl.java:43)
	at java.base/java.lang.reflect.Method.invoke(Method.java:568)
	at io.cucumber.java.Invoker.doInvoke(Invoker.java:66)
	at io.cucumber.java.Invoker.invoke(Invoker.java:24)
	at io.cucumber.java.AbstractGlueDefinition.invokeMethod(AbstractGlueDefinition.java:47)
	at io.cucumber.java.JavaHookDefinition.execute(JavaHookDefinition.java:64)
	at io.cucumber.core.runner.CoreHookDefinition.execute(CoreHookDefinition.java:46)
	at io.cucumber.core.runner.HookDefinitionMatch.runStep(HookDefinitionMatch.java:21)
	at io.cucumber.core.runner.ExecutionMode$1.execute(ExecutionMode.java:10)
	at io.cucumber.core.runner.TestStep.executeStep(TestStep.java:86)
	at io.cucumber.core.runner.TestStep.run(TestStep.java:57)
	at io.cucumber.core.runner.TestCase.run(TestCase.java:101)
	at io.cucumber.core.runner.Runner.runPickle(Runner.java:75)
	at io.cucumber.junit.PickleRunners$NoStepDescriptions.lambda$run$0(PickleRunners.java:151)
	at io.cucumber.core.runtime.CucumberExecutionContext.lambda$runTestCase$3(CucumberExecutionContext.java:144)
	at io.cucumber.core.runtime.RethrowingThrowableCollector.executeAndThrow(RethrowingThrowableCollector.java:23)
	at io.cucumber.core.runtime.CucumberExecutionContext.runTestCase(CucumberExecutionContext.java:144)
	at io.cucumber.junit.PickleRunners$NoStepDescriptions.run(PickleRunners.java:148)
	at io.cucumber.junit.FeatureRunner.runChild(FeatureRunner.java:144)
	at io.cucumber.junit.FeatureRunner.runChild(FeatureRunner.java:28)
	at org.junit.runners.ParentRunner$4.run(ParentRunner.java:331)
	at org.junit.runners.ParentRunner$1.schedule(ParentRunner.java:79)
	at org.junit.runners.ParentRunner.runChildren(ParentRunner.java:329)
	at org.junit.runners.ParentRunner.access$100(ParentRunner.java:66)
	at org.junit.runners.ParentRunner$2.evaluate(ParentRunner.java:293)
	at org.junit.runners.ParentRunner$3.evaluate(ParentRunner.java:306)
	at org.junit.runners.ParentRunner.run(ParentRunner.java:413)
	at io.cucumber.junit.FeatureRunner.run(FeatureRunner.java:137)
	at io.cucumber.junit.Cucumber.runChild(Cucumber.java:196)
	at io.cucumber.junit.Cucumber.runChild(Cucumber.java:89)
	at org.junit.runners.ParentRunner$4.run(ParentRunner.java:331)
	at org.junit.runners.ParentRunner$1.schedule(ParentRunner.java:79)
	at org.junit.runners.ParentRunner.runChildren(ParentRunner.java:329)
	at org.junit.runners.ParentRunner.access$100(ParentRunner.java:66)
	at org.junit.runners.ParentRunner$2.evaluate(ParentRunner.java:293)
	at io.cucumber.junit.Cucumber$RunBeforeAllHooks.evaluate(Cucumber.java:266)
	at io.cucumber.junit.Cucumber$RunAfterAllHooks.evaluate(Cucumber.java:281)
	at io.cucumber.junit.Cucumber$StartTestRun.evaluate(Cucumber.java:233)
	at io.cucumber.junit.Cucumber$FinishTestRun.evaluate(Cucumber.java:248)
	at org.junit.internal.runners.statements.RunAfters.evaluate(RunAfters.java:27)
	at org.junit.runners.ParentRunner$3.evaluate(ParentRunner.java:306)
	at org.junit.runners.ParentRunner.run(ParentRunner.java:413)
	at org.junit.runner.JUnitCore.run(JUnitCore.java:137)
	at com.intellij.junit4.JUnit4IdeaTestRunner.startRunnerWithArgs(JUnit4IdeaTestRunner.java:69)
	at com.intellij.rt.junit.IdeaTestRunner$Repeater$1.execute(IdeaTestRunner.java:38)
	at com.intellij.rt.execution.junit.TestsRepeater.repeat(TestsRepeater.java:11)
	at com.intellij.rt.junit.IdeaTestRunner$Repeater.startRunnerWithArgs(IdeaTestRunner.java:35)
	at com.intellij.rt.junit.JUnitStarter.prepareStreamsAndStart(JUnitStarter.java:232)
	at com.intellij.rt.junit.JUnitStarter.main(JUnitStarter.java:55)
Caused by: ERROR XJ004: Database 'db_b' not found.
	at org.apache.derby.shared.common.error.StandardException.newException(StandardException.java:299)
	at org.apache.derby.impl.jdbc.SQLExceptionFactory.wrapArgsForTransportAcrossDRDA(SQLExceptionFactory.java:170)
	at org.apache.derby.impl.jdbc.SQLExceptionFactory.getSQLException(SQLExceptionFactory.java:75)
	... 66 more
============= begin nested exception, level (1) ===========
ERROR XJ004: Database 'db_b' not found.
	at org.apache.derby.shared.common.error.StandardException.newException(StandardException.java:299)
	at org.apache.derby.impl.jdbc.SQLExceptionFactory.wrapArgsForTransportAcrossDRDA(SQLExceptionFactory.java:170)
	at org.apache.derby.impl.jdbc.SQLExceptionFactory.getSQLException(SQLExceptionFactory.java:75)
	at org.apache.derby.impl.jdbc.SQLExceptionFactory.getSQLException(SQLExceptionFactory.java:141)
	at org.apache.derby.impl.jdbc.Util.generateCsSQLException(Util.java:225)
	at org.apache.derby.impl.jdbc.Util.generateCsSQLException(Util.java:220)
	at org.apache.derby.impl.jdbc.EmbedConnection.newSQLException(EmbedConnection.java:3208)
	at org.apache.derby.impl.jdbc.EmbedConnection.handleDBNotFound(EmbedConnection.java:767)
	at org.apache.derby.impl.jdbc.EmbedConnection.<init>(EmbedConnection.java:437)
	at org.apache.derby.iapi.jdbc.InternalDriver.getNewEmbedConnection(InternalDriver.java:630)
	at org.apache.derby.iapi.jdbc.InternalDriver.connect(InternalDriver.java:295)
	at org.apache.derby.iapi.jdbc.InternalDriver.connect(InternalDriver.java:922)
	at org.apache.derby.iapi.jdbc.AutoloadedDriver.connect(AutoloadedDriver.java:132)
	at java.sql/java.sql.DriverManager.getConnection(DriverManager.java:681)
	at java.sql/java.sql.DriverManager.getConnection(DriverManager.java:252)
	at com.Lightwell.dbtesting.common.workers.DataWorker.shutDownDb(DataWorker.java:197)
	at com.Lightwell.dbtesting.common.main.DBObject.shutDownDb(DBObject.java:111)
	at stepDefinitions.com.eliassen.crucible.demo.DbSteps.releaseConnection(DbSteps.java:54)
	at java.base/jdk.internal.reflect.NativeMethodAccessorImpl.invoke0(Native Method)
	at java.base/jdk.internal.reflect.NativeMethodAccessorImpl.invoke(NativeMethodAccessorImpl.java:77)
	at java.base/jdk.internal.reflect.DelegatingMethodAccessorImpl.invoke(DelegatingMethodAccessorImpl.java:43)
	at java.base/java.lang.reflect.Method.invoke(Method.java:568)
	at io.cucumber.java.Invoker.doInvoke(Invoker.java:66)
	at io.cucumber.java.Invoker.invoke(Invoker.java:24)
	at io.cucumber.java.AbstractGlueDefinition.invokeMethod(AbstractGlueDefinition.java:47)
	at io.cucumber.java.JavaHookDefinition.execute(JavaHookDefinition.java:64)
	at io.cucumber.core.runner.CoreHookDefinition.execute(CoreHookDefinition.java:46)
	at io.cucumber.core.runner.HookDefinitionMatch.runStep(HookDefinitionMatch.java:21)
	at io.cucumber.core.runner.ExecutionMode$1.execute(ExecutionMode.java:10)
	at io.cucumber.core.runner.TestStep.executeStep(TestStep.java:86)
	at io.cucumber.core.runner.TestStep.run(TestStep.java:57)
	at io.cucumber.core.runner.TestCase.run(TestCase.java:101)
	at io.cucumber.core.runner.Runner.runPickle(Runner.java:75)
	at io.cucumber.junit.PickleRunners$NoStepDescriptions.lambda$run$0(PickleRunners.java:151)
	at io.cucumber.core.runtime.CucumberExecutionContext.lambda$runTestCase$3(CucumberExecutionContext.java:144)
	at io.cucumber.core.runtime.RethrowingThrowableCollector.executeAndThrow(RethrowingThrowableCollector.java:23)
	at io.cucumber.core.runtime.CucumberExecutionContext.runTestCase(CucumberExecutionContext.java:144)
	at io.cucumber.junit.PickleRunners$NoStepDescriptions.run(PickleRunners.java:148)
	at io.cucumber.junit.FeatureRunner.runChild(FeatureRunner.java:144)
	at io.cucumber.junit.FeatureRunner.runChild(FeatureRunner.java:28)
	at org.junit.runners.ParentRunner$4.run(ParentRunner.java:331)
	at org.junit.runners.ParentRunner$1.schedule(ParentRunner.java:79)
	at org.junit.runners.ParentRunner.runChildren(ParentRunner.java:329)
	at org.junit.runners.ParentRunner.access$100(ParentRunner.java:66)
	at org.junit.runners.ParentRunner$2.evaluate(ParentRunner.java:293)
	at org.junit.runners.ParentRunner$3.evaluate(ParentRunner.java:306)
	at org.junit.runners.ParentRunner.run(ParentRunner.java:413)
	at io.cucumber.junit.FeatureRunner.run(FeatureRunner.java:137)
	at io.cucumber.junit.Cucumber.runChild(Cucumber.java:196)
	at io.cucumber.junit.Cucumber.runChild(Cucumber.java:89)
	at org.junit.runners.ParentRunner$4.run(ParentRunner.java:331)
	at org.junit.runners.ParentRunner$1.schedule(ParentRunner.java:79)
	at org.junit.runners.ParentRunner.runChildren(ParentRunner.java:329)
	at org.junit.runners.ParentRunner.access$100(ParentRunner.java:66)
	at org.junit.runners.ParentRunner$2.evaluate(ParentRunner.java:293)
	at io.cucumber.junit.Cucumber$RunBeforeAllHooks.evaluate(Cucumber.java:266)
	at io.cucumber.junit.Cucumber$RunAfterAllHooks.evaluate(Cucumber.java:281)
	at io.cucumber.junit.Cucumber$StartTestRun.evaluate(Cucumber.java:233)
	at io.cucumber.junit.Cucumber$FinishTestRun.evaluate(Cucumber.java:248)
	at org.junit.internal.runners.statements.RunAfters.evaluate(RunAfters.java:27)
	at org.junit.runners.ParentRunner$3.evaluate(ParentRunner.java:306)
	at org.junit.runners.ParentRunner.run(ParentRunner.java:413)
	at org.junit.runner.JUnitCore.run(JUnitCore.java:137)
	at com.intellij.junit4.JUnit4IdeaTestRunner.startRunnerWithArgs(JUnit4IdeaTestRunner.java:69)
	at com.intellij.rt.junit.IdeaTestRunner$Repeater$1.execute(IdeaTestRunner.java:38)
	at com.intellij.rt.execution.junit.TestsRepeater.repeat(TestsRepeater.java:11)
	at com.intellij.rt.junit.IdeaTestRunner$Repeater.startRunnerWithArgs(IdeaTestRunner.java:35)
	at com.intellij.rt.junit.JUnitStarter.prepareStreamsAndStart(JUnitStarter.java:232)
	at com.intellij.rt.junit.JUnitStarter.main(JUnitStarter.java:55)
============= end nested exception, level (1) ===========
Cleanup action completed
----------------------------------------------------------------
Wed Jun 14 09:42:17 EDT 2023:
Booting Derby version The Apache Software Foundation - Apache Derby - 10.16.1.1 - (1901046): instance c7e308d9-0188-ba24-78ab-0000096e3000 
on database directory /home/matt/code/demofw/db_a with class loader jdk.internal.loader.ClassLoaders$AppClassLoader@251a69d7 
Loaded from file:/home/matt/.m2/repository/org/apache/derby/derby/10.16.1.1/derby-10.16.1.1.jar
java.vendor=Private Build
java.runtime.version=17.0.7+7-Ubuntu-0ubuntu120.04
user.dir=/home/matt/code/demofw
os.name=Linux
os.arch=amd64
os.version=5.15.0-73-generic
derby.system.home=null
Database Class Loader started - derby.database.classpath=''
----------------------------------------------------------------
Wed Jun 14 09:42:20 EDT 2023:
Booting Derby version The Apache Software Foundation - Apache Derby - 10.16.1.1 - (1901046): instance 56b411a1-0188-ba24-78ab-0000096e3000 
on database directory /home/matt/code/demofw/db_b with class loader jdk.internal.loader.ClassLoaders$AppClassLoader@251a69d7 
Loaded from file:/home/matt/.m2/repository/org/apache/derby/derby/10.16.1.1/derby-10.16.1.1.jar
java.vendor=Private Build
java.runtime.version=17.0.7+7-Ubuntu-0ubuntu120.04
user.dir=/home/matt/code/demofw
os.name=Linux
os.arch=amd64
os.version=5.15.0-73-generic
derby.system.home=null
Database Class Loader started - derby.database.classpath=''
----------------------------------------------------------------
Wed Jun 14 09:42:22 EDT 2023:
Shutting down instance c7e308d9-0188-ba24-78ab-0000096e3000 on database directory /home/matt/code/demofw/db_a with class loader jdk.internal.loader.ClassLoaders$AppClassLoader@251a69d7 
----------------------------------------------------------------
Wed Jun 14 09:42:22 EDT 2023:
Shutting down instance 56b411a1-0188-ba24-78ab-0000096e3000 on database directory /home/matt/code/demofw/db_b with class loader jdk.internal.loader.ClassLoaders$AppClassLoader@251a69d7 
----------------------------------------------------------------
Wed Jun 14 09:42:22 EDT 2023:
Booting Derby version The Apache Software Foundation - Apache Derby - 10.16.1.1 - (1901046): instance d8649a6c-0188-ba24-78ab-0000096e3000 
on database directory /home/matt/code/demofw/db_a with class loader jdk.internal.loader.ClassLoaders$AppClassLoader@251a69d7 
Loaded from file:/home/matt/.m2/repository/org/apache/derby/derby/10.16.1.1/derby-10.16.1.1.jar
java.vendor=Private Build
java.runtime.version=17.0.7+7-Ubuntu-0ubuntu120.04
user.dir=/home/matt/code/demofw
os.name=Linux
os.arch=amd64
os.version=5.15.0-73-generic
derby.system.home=null
Database Class Loader started - derby.database.classpath=''
----------------------------------------------------------------
Wed Jun 14 09:42:25 EDT 2023:
Booting Derby version The Apache Software Foundation - Apache Derby - 10.16.1.1 - (1901046): instance 3beba334-0188-ba24-78ab-0000096e3000 
on database directory /home/matt/code/demofw/db_b with class loader jdk.internal.loader.ClassLoaders$AppClassLoader@251a69d7 
Loaded from file:/home/matt/.m2/repository/org/apache/derby/derby/10.16.1.1/derby-10.16.1.1.jar
java.vendor=Private Build
java.runtime.version=17.0.7+7-Ubuntu-0ubuntu120.04
user.dir=/home/matt/code/demofw
os.name=Linux
os.arch=amd64
os.version=5.15.0-73-generic
derby.system.home=null
Database Class Loader started - derby.database.classpath=''
----------------------------------------------------------------
Wed Jun 14 09:42:27 EDT 2023:
Shutting down instance d8649a6c-0188-ba24-78ab-0000096e3000 on database directory /home/matt/code/demofw/db_a with class loader jdk.internal.loader.ClassLoaders$AppClassLoader@251a69d7 
----------------------------------------------------------------
Wed Jun 14 09:42:27 EDT 2023:
Shutting down instance 3beba334-0188-ba24-78ab-0000096e3000 on database directory /home/matt/code/demofw/db_b with class loader jdk.internal.loader.ClassLoaders$AppClassLoader@251a69d7 
----------------------------------------------------------------
Wed Jun 14 09:42:27 EDT 2023:
Booting Derby version The Apache Software Foundation - Apache Derby - 10.16.1.1 - (1901046): instance 98806c02-0188-ba24-78ab-0000096e3000 
on database directory /home/matt/code/demofw/db_a with class loader jdk.internal.loader.ClassLoaders$AppClassLoader@251a69d7 
Loaded from file:/home/matt/.m2/repository/org/apache/derby/derby/10.16.1.1/derby-10.16.1.1.jar
java.vendor=Private Build
java.runtime.version=17.0.7+7-Ubuntu-0ubuntu120.04
user.dir=/home/matt/code/demofw
os.name=Linux
os.arch=amd64
os.version=5.15.0-73-generic
derby.system.home=null
Database Class Loader started - derby.database.classpath=''
----------------------------------------------------------------
Wed Jun 14 09:42:29 EDT 2023:
Booting Derby version The Apache Software Foundation - Apache Derby - 10.16.1.1 - (1901046): instance 975374ca-0188-ba24-78ab-0000096e3000 
on database directory /home/matt/code/demofw/db_b with class loader jdk.internal.loader.ClassLoaders$AppClassLoader@251a69d7 
Loaded from file:/home/matt/.m2/repository/org/apache/derby/derby/10.16.1.1/derby-10.16.1.1.jar
java.vendor=Private Build
java.runtime.version=17.0.7+7-Ubuntu-0ubuntu120.04
user.dir=/home/matt/code/demofw
os.name=Linux
os.arch=amd64
os.version=5.15.0-73-generic
derby.system.home=null
Database Class Loader started - derby.database.classpath=''
----------------------------------------------------------------
Wed Jun 14 09:42:32 EDT 2023:
Shutting down instance 98806c02-0188-ba24-78ab-0000096e3000 on database directory /home/matt/code/demofw/db_a with class loader jdk.internal.loader.ClassLoaders$AppClassLoader@251a69d7 
----------------------------------------------------------------
Wed Jun 14 09:42:32 EDT 2023:
Shutting down instance 975374ca-0188-ba24-78ab-0000096e3000 on database directory /home/matt/code/demofw/db_b with class loader jdk.internal.loader.ClassLoaders$AppClassLoader@251a69d7 
----------------------------------------------------------------
Wed Jun 14 09:42:32 EDT 2023:
Booting Derby version The Apache Software Foundation - Apache Derby - 10.16.1.1 - (1901046): instance e9953d98-0188-ba24-78ab-0000096e3000 
on database directory /home/matt/code/demofw/db_a with class loader jdk.internal.loader.ClassLoaders$AppClassLoader@251a69d7 
Loaded from file:/home/matt/.m2/repository/org/apache/derby/derby/10.16.1.1/derby-10.16.1.1.jar
java.vendor=Private Build
java.runtime.version=17.0.7+7-Ubuntu-0ubuntu120.04
user.dir=/home/matt/code/demofw
os.name=Linux
os.arch=amd64
os.version=5.15.0-73-generic
derby.system.home=null
Database Class Loader started - derby.database.classpath=''
----------------------------------------------------------------
Wed Jun 14 09:42:35 EDT 2023:
Booting Derby version The Apache Software Foundation - Apache Derby - 10.16.1.1 - (1901046): instance 83b44660-0188-ba24-78ab-0000096e3000 
on database directory /home/matt/code/demofw/db_b with class loader jdk.internal.loader.ClassLoaders$AppClassLoader@251a69d7 
Loaded from file:/home/matt/.m2/repository/org/apache/derby/derby/10.16.1.1/derby-10.16.1.1.jar
java.vendor=Private Build
java.runtime.version=17.0.7+7-Ubuntu-0ubuntu120.04
user.dir=/home/matt/code/demofw
os.name=Linux
os.arch=amd64
os.version=5.15.0-73-generic
derby.system.home=null
Database Class Loader started - derby.database.classpath=''
----------------------------------------------------------------
Wed Jun 14 09:42:37 EDT 2023:
Shutting down instance e9953d98-0188-ba24-78ab-0000096e3000 on database directory /home/matt/code/demofw/db_a with class loader jdk.internal.loader.ClassLoaders$AppClassLoader@251a69d7 
----------------------------------------------------------------
Wed Jun 14 09:42:37 EDT 2023:
Shutting down instance 83b44660-0188-ba24-78ab-0000096e3000 on database directory /home/matt/code/demofw/db_b with class loader jdk.internal.loader.ClassLoaders$AppClassLoader@251a69d7 
----------------------------------------------------------------
Wed Jun 14 09:42:37 EDT 2023:
Booting Derby version The Apache Software Foundation - Apache Derby - 10.16.1.1 - (1901046): instance 4ba30f2e-0188-ba24-78ab-0000096e3000 
on database directory /home/matt/code/demofw/db_a with class loader jdk.internal.loader.ClassLoaders$AppClassLoader@251a69d7 
Loaded from file:/home/matt/.m2/repository/org/apache/derby/derby/10.16.1.1/derby-10.16.1.1.jar
java.vendor=Private Build
java.runtime.version=17.0.7+7-Ubuntu-0ubuntu120.04
user.dir=/home/matt/code/demofw
os.name=Linux
os.arch=amd64
os.version=5.15.0-73-generic
derby.system.home=null
Database Class Loader started - derby.database.classpath=''
----------------------------------------------------------------
Wed Jun 14 09:42:56 EDT 2023:
Shutting down instance 4ba30f2e-0188-ba24-78ab-0000096e3000 on database directory /home/matt/code/demofw/db_a with class loader jdk.internal.loader.ClassLoaders$AppClassLoader@251a69d7 
Wed Jun 14 09:42:56 EDT 2023 Thread[main,5,main] Cleanup action starting
java.sql.SQLException: Database 'db_b' not found.
	at org.apache.derby.impl.jdbc.SQLExceptionFactory.getSQLException(SQLExceptionFactory.java:115)
	at org.apache.derby.impl.jdbc.SQLExceptionFactory.getSQLException(SQLExceptionFactory.java:141)
	at org.apache.derby.impl.jdbc.Util.generateCsSQLException(Util.java:225)
	at org.apache.derby.impl.jdbc.Util.generateCsSQLException(Util.java:220)
	at org.apache.derby.impl.jdbc.EmbedConnection.newSQLException(EmbedConnection.java:3208)
	at org.apache.derby.impl.jdbc.EmbedConnection.handleDBNotFound(EmbedConnection.java:767)
	at org.apache.derby.impl.jdbc.EmbedConnection.<init>(EmbedConnection.java:437)
	at org.apache.derby.iapi.jdbc.InternalDriver.getNewEmbedConnection(InternalDriver.java:630)
	at org.apache.derby.iapi.jdbc.InternalDriver.connect(InternalDriver.java:295)
	at org.apache.derby.iapi.jdbc.InternalDriver.connect(InternalDriver.java:922)
	at org.apache.derby.iapi.jdbc.AutoloadedDriver.connect(AutoloadedDriver.java:132)
	at java.sql/java.sql.DriverManager.getConnection(DriverManager.java:681)
	at java.sql/java.sql.DriverManager.getConnection(DriverManager.java:252)
	at com.Lightwell.dbtesting.common.workers.DataWorker.shutDownDb(DataWorker.java:197)
	at com.Lightwell.dbtesting.common.main.DBObject.shutDownDb(DBObject.java:111)
	at stepDefinitions.com.eliassen.crucible.demo.DbSteps.releaseConnection(DbSteps.java:54)
	at java.base/jdk.internal.reflect.NativeMethodAccessorImpl.invoke0(Native Method)
	at java.base/jdk.internal.reflect.NativeMethodAccessorImpl.invoke(NativeMethodAccessorImpl.java:77)
	at java.base/jdk.internal.reflect.DelegatingMethodAccessorImpl.invoke(DelegatingMethodAccessorImpl.java:43)
	at java.base/java.lang.reflect.Method.invoke(Method.java:568)
	at io.cucumber.java.Invoker.doInvoke(Invoker.java:66)
	at io.cucumber.java.Invoker.invoke(Invoker.java:24)
	at io.cucumber.java.AbstractGlueDefinition.invokeMethod(AbstractGlueDefinition.java:47)
	at io.cucumber.java.JavaHookDefinition.execute(JavaHookDefinition.java:64)
	at io.cucumber.core.runner.CoreHookDefinition.execute(CoreHookDefinition.java:46)
	at io.cucumber.core.runner.HookDefinitionMatch.runStep(HookDefinitionMatch.java:21)
	at io.cucumber.core.runner.ExecutionMode$1.execute(ExecutionMode.java:10)
	at io.cucumber.core.runner.TestStep.executeStep(TestStep.java:86)
	at io.cucumber.core.runner.TestStep.run(TestStep.java:57)
	at io.cucumber.core.runner.TestCase.run(TestCase.java:101)
	at io.cucumber.core.runner.Runner.runPickle(Runner.java:75)
	at io.cucumber.junit.PickleRunners$NoStepDescriptions.lambda$run$0(PickleRunners.java:151)
	at io.cucumber.core.runtime.CucumberExecutionContext.lambda$runTestCase$3(CucumberExecutionContext.java:144)
	at io.cucumber.core.runtime.RethrowingThrowableCollector.executeAndThrow(RethrowingThrowableCollector.java:23)
	at io.cucumber.core.runtime.CucumberExecutionContext.runTestCase(CucumberExecutionContext.java:144)
	at io.cucumber.junit.PickleRunners$NoStepDescriptions.run(PickleRunners.java:148)
	at io.cucumber.junit.FeatureRunner.runChild(FeatureRunner.java:144)
	at io.cucumber.junit.FeatureRunner.runChild(FeatureRunner.java:28)
	at org.junit.runners.ParentRunner$4.run(ParentRunner.java:331)
	at org.junit.runners.ParentRunner$1.schedule(ParentRunner.java:79)
	at org.junit.runners.ParentRunner.runChildren(ParentRunner.java:329)
	at org.junit.runners.ParentRunner.access$100(ParentRunner.java:66)
	at org.junit.runners.ParentRunner$2.evaluate(ParentRunner.java:293)
	at org.junit.runners.ParentRunner$3.evaluate(ParentRunner.java:306)
	at org.junit.runners.ParentRunner.run(ParentRunner.java:413)
	at io.cucumber.junit.FeatureRunner.run(FeatureRunner.java:137)
	at io.cucumber.junit.Cucumber.runChild(Cucumber.java:196)
	at io.cucumber.junit.Cucumber.runChild(Cucumber.java:89)
	at org.junit.runners.ParentRunner$4.run(ParentRunner.java:331)
	at org.junit.runners.ParentRunner$1.schedule(ParentRunner.java:79)
	at org.junit.runners.ParentRunner.runChildren(ParentRunner.java:329)
	at org.junit.runners.ParentRunner.access$100(ParentRunner.java:66)
	at org.junit.runners.ParentRunner$2.evaluate(ParentRunner.java:293)
	at io.cucumber.junit.Cucumber$RunBeforeAllHooks.evaluate(Cucumber.java:266)
	at io.cucumber.junit.Cucumber$RunAfterAllHooks.evaluate(Cucumber.java:281)
	at io.cucumber.junit.Cucumber$StartTestRun.evaluate(Cucumber.java:233)
	at io.cucumber.junit.Cucumber$FinishTestRun.evaluate(Cucumber.java:248)
	at org.junit.internal.runners.statements.RunAfters.evaluate(RunAfters.java:27)
	at org.junit.runners.ParentRunner$3.evaluate(ParentRunner.java:306)
	at org.junit.runners.ParentRunner.run(ParentRunner.java:413)
	at org.junit.runner.JUnitCore.run(JUnitCore.java:137)
	at com.intellij.junit4.JUnit4IdeaTestRunner.startRunnerWithArgs(JUnit4IdeaTestRunner.java:69)
	at com.intellij.rt.junit.IdeaTestRunner$Repeater$1.execute(IdeaTestRunner.java:38)
	at com.intellij.rt.execution.junit.TestsRepeater.repeat(TestsRepeater.java:11)
	at com.intellij.rt.junit.IdeaTestRunner$Repeater.startRunnerWithArgs(IdeaTestRunner.java:35)
	at com.intellij.rt.junit.JUnitStarter.prepareStreamsAndStart(JUnitStarter.java:232)
	at com.intellij.rt.junit.JUnitStarter.main(JUnitStarter.java:55)
Caused by: ERROR XJ004: Database 'db_b' not found.
	at org.apache.derby.shared.common.error.StandardException.newException(StandardException.java:299)
	at org.apache.derby.impl.jdbc.SQLExceptionFactory.wrapArgsForTransportAcrossDRDA(SQLExceptionFactory.java:170)
	at org.apache.derby.impl.jdbc.SQLExceptionFactory.getSQLException(SQLExceptionFactory.java:75)
	... 66 more
============= begin nested exception, level (1) ===========
ERROR XJ004: Database 'db_b' not found.
	at org.apache.derby.shared.common.error.StandardException.newException(StandardException.java:299)
	at org.apache.derby.impl.jdbc.SQLExceptionFactory.wrapArgsForTransportAcrossDRDA(SQLExceptionFactory.java:170)
	at org.apache.derby.impl.jdbc.SQLExceptionFactory.getSQLException(SQLExceptionFactory.java:75)
	at org.apache.derby.impl.jdbc.SQLExceptionFactory.getSQLException(SQLExceptionFactory.java:141)
	at org.apache.derby.impl.jdbc.Util.generateCsSQLException(Util.java:225)
	at org.apache.derby.impl.jdbc.Util.generateCsSQLException(Util.java:220)
	at org.apache.derby.impl.jdbc.EmbedConnection.newSQLException(EmbedConnection.java:3208)
	at org.apache.derby.impl.jdbc.EmbedConnection.handleDBNotFound(EmbedConnection.java:767)
	at org.apache.derby.impl.jdbc.EmbedConnection.<init>(EmbedConnection.java:437)
	at org.apache.derby.iapi.jdbc.InternalDriver.getNewEmbedConnection(InternalDriver.java:630)
	at org.apache.derby.iapi.jdbc.InternalDriver.connect(InternalDriver.java:295)
	at org.apache.derby.iapi.jdbc.InternalDriver.connect(InternalDriver.java:922)
	at org.apache.derby.iapi.jdbc.AutoloadedDriver.connect(AutoloadedDriver.java:132)
	at java.sql/java.sql.DriverManager.getConnection(DriverManager.java:681)
	at java.sql/java.sql.DriverManager.getConnection(DriverManager.java:252)
	at com.Lightwell.dbtesting.common.workers.DataWorker.shutDownDb(DataWorker.java:197)
	at com.Lightwell.dbtesting.common.main.DBObject.shutDownDb(DBObject.java:111)
	at stepDefinitions.com.eliassen.crucible.demo.DbSteps.releaseConnection(DbSteps.java:54)
	at java.base/jdk.internal.reflect.NativeMethodAccessorImpl.invoke0(Native Method)
	at java.base/jdk.internal.reflect.NativeMethodAccessorImpl.invoke(NativeMethodAccessorImpl.java:77)
	at java.base/jdk.internal.reflect.DelegatingMethodAccessorImpl.invoke(DelegatingMethodAccessorImpl.java:43)
	at java.base/java.lang.reflect.Method.invoke(Method.java:568)
	at io.cucumber.java.Invoker.doInvoke(Invoker.java:66)
	at io.cucumber.java.Invoker.invoke(Invoker.java:24)
	at io.cucumber.java.AbstractGlueDefinition.invokeMethod(AbstractGlueDefinition.java:47)
	at io.cucumber.java.JavaHookDefinition.execute(JavaHookDefinition.java:64)
	at io.cucumber.core.runner.CoreHookDefinition.execute(CoreHookDefinition.java:46)
	at io.cucumber.core.runner.HookDefinitionMatch.runStep(HookDefinitionMatch.java:21)
	at io.cucumber.core.runner.ExecutionMode$1.execute(ExecutionMode.java:10)
	at io.cucumber.core.runner.TestStep.executeStep(TestStep.java:86)
	at io.cucumber.core.runner.TestStep.run(TestStep.java:57)
	at io.cucumber.core.runner.TestCase.run(TestCase.java:101)
	at io.cucumber.core.runner.Runner.runPickle(Runner.java:75)
	at io.cucumber.junit.PickleRunners$NoStepDescriptions.lambda$run$0(PickleRunners.java:151)
	at io.cucumber.core.runtime.CucumberExecutionContext.lambda$runTestCase$3(CucumberExecutionContext.java:144)
	at io.cucumber.core.runtime.RethrowingThrowableCollector.executeAndThrow(RethrowingThrowableCollector.java:23)
	at io.cucumber.core.runtime.CucumberExecutionContext.runTestCase(CucumberExecutionContext.java:144)
	at io.cucumber.junit.PickleRunners$NoStepDescriptions.run(PickleRunners.java:148)
	at io.cucumber.junit.FeatureRunner.runChild(FeatureRunner.java:144)
	at io.cucumber.junit.FeatureRunner.runChild(FeatureRunner.java:28)
	at org.junit.runners.ParentRunner$4.run(ParentRunner.java:331)
	at org.junit.runners.ParentRunner$1.schedule(ParentRunner.java:79)
	at org.junit.runners.ParentRunner.runChildren(ParentRunner.java:329)
	at org.junit.runners.ParentRunner.access$100(ParentRunner.java:66)
	at org.junit.runners.ParentRunner$2.evaluate(ParentRunner.java:293)
	at org.junit.runners.ParentRunner$3.evaluate(ParentRunner.java:306)
	at org.junit.runners.ParentRunner.run(ParentRunner.java:413)
	at io.cucumber.junit.FeatureRunner.run(FeatureRunner.java:137)
	at io.cucumber.junit.Cucumber.runChild(Cucumber.java:196)
	at io.cucumber.junit.Cucumber.runChild(Cucumber.java:89)
	at org.junit.runners.ParentRunner$4.run(ParentRunner.java:331)
	at org.junit.runners.ParentRunner$1.schedule(ParentRunner.java:79)
	at org.junit.runners.ParentRunner.runChildren(ParentRunner.java:329)
	at org.junit.runners.ParentRunner.access$100(ParentRunner.java:66)
	at org.junit.runners.ParentRunner$2.evaluate(ParentRunner.java:293)
	at io.cucumber.junit.Cucumber$RunBeforeAllHooks.evaluate(Cucumber.java:266)
	at io.cucumber.junit.Cucumber$RunAfterAllHooks.evaluate(Cucumber.java:281)
	at io.cucumber.junit.Cucumber$StartTestRun.evaluate(Cucumber.java:233)
	at io.cucumber.junit.Cucumber$FinishTestRun.evaluate(Cucumber.java:248)
	at org.junit.internal.runners.statements.RunAfters.evaluate(RunAfters.java:27)
	at org.junit.runners.ParentRunner$3.evaluate(ParentRunner.java:306)
	at org.junit.runners.ParentRunner.run(ParentRunner.java:413)
	at org.junit.runner.JUnitCore.run(JUnitCore.java:137)
	at com.intellij.junit4.JUnit4IdeaTestRunner.startRunnerWithArgs(JUnit4IdeaTestRunner.java:69)
	at com.intellij.rt.junit.IdeaTestRunner$Repeater$1.execute(IdeaTestRunner.java:38)
	at com.intellij.rt.execution.junit.TestsRepeater.repeat(TestsRepeater.java:11)
	at com.intellij.rt.junit.IdeaTestRunner$Repeater.startRunnerWithArgs(IdeaTestRunner.java:35)
	at com.intellij.rt.junit.JUnitStarter.prepareStreamsAndStart(JUnitStarter.java:232)
	at com.intellij.rt.junit.JUnitStarter.main(JUnitStarter.java:55)
============= end nested exception, level (1) ===========
Cleanup action completed
----------------------------------------------------------------
Wed Jun 14 09:42:56 EDT 2023:
Booting Derby version The Apache Software Foundation - Apache Derby - 10.16.1.1 - (1901046): instance b2519e49-0188-ba24-78ab-0000096e3000 
on database directory /home/matt/code/demofw/db_a with class loader jdk.internal.loader.ClassLoaders$AppClassLoader@251a69d7 
Loaded from file:/home/matt/.m2/repository/org/apache/derby/derby/10.16.1.1/derby-10.16.1.1.jar
java.vendor=Private Build
java.runtime.version=17.0.7+7-Ubuntu-0ubuntu120.04
user.dir=/home/matt/code/demofw
os.name=Linux
os.arch=amd64
os.version=5.15.0-73-generic
derby.system.home=null
Database Class Loader started - derby.database.classpath=''
----------------------------------------------------------------
Wed Jun 14 09:43:10 EDT 2023:
Booting Derby version The Apache Software Foundation - Apache Derby - 10.16.1.1 - (1901046): instance fa2ced61-0188-ba24-78ab-0000096e3000 
on database directory /home/matt/code/demofw/db_b with class loader jdk.internal.loader.ClassLoaders$AppClassLoader@251a69d7 
Loaded from file:/home/matt/.m2/repository/org/apache/derby/derby/10.16.1.1/derby-10.16.1.1.jar
java.vendor=Private Build
java.runtime.version=17.0.7+7-Ubuntu-0ubuntu120.04
user.dir=/home/matt/code/demofw
os.name=Linux
os.arch=amd64
os.version=5.15.0-73-generic
derby.system.home=null
Database Class Loader started - derby.database.classpath=''
----------------------------------------------------------------
Wed Jun 14 09:43:29 EDT 2023:
Shutting down instance b2519e49-0188-ba24-78ab-0000096e3000 on database directory /home/matt/code/demofw/db_a with class loader jdk.internal.loader.ClassLoaders$AppClassLoader@251a69d7 
----------------------------------------------------------------
Wed Jun 14 09:43:29 EDT 2023:
Shutting down instance fa2ced61-0188-ba24-78ab-0000096e3000 on database directory /home/matt/code/demofw/db_b with class loader jdk.internal.loader.ClassLoaders$AppClassLoader@251a69d7 
----------------------------------------------------------------
Wed Jun 14 09:43:29 EDT 2023:
Booting Derby version The Apache Software Foundation - Apache Derby - 10.16.1.1 - (1901046): instance 3bf3bc7c-0188-ba24-78ab-0000096e3000 
on database directory /home/matt/code/demofw/db_a with class loader jdk.internal.loader.ClassLoaders$AppClassLoader@251a69d7 
Loaded from file:/home/matt/.m2/repository/org/apache/derby/derby/10.16.1.1/derby-10.16.1.1.jar
java.vendor=Private Build
java.runtime.version=17.0.7+7-Ubuntu-0ubuntu120.04
user.dir=/home/matt/code/demofw
os.name=Linux
os.arch=amd64
os.version=5.15.0-73-generic
derby.system.home=null
Database Class Loader started - derby.database.classpath=''
----------------------------------------------------------------
Wed Jun 14 09:43:47 EDT 2023:
Booting Derby version The Apache Software Foundation - Apache Derby - 10.16.1.1 - (1901046): instance 68410b94-0188-ba24-78ab-0000096e3000 
on database directory /home/matt/code/demofw/db_b with class loader jdk.internal.loader.ClassLoaders$AppClassLoader@251a69d7 
Loaded from file:/home/matt/.m2/repository/org/apache/derby/derby/10.16.1.1/derby-10.16.1.1.jar
java.vendor=Private Build
java.runtime.version=17.0.7+7-Ubuntu-0ubuntu120.04
user.dir=/home/matt/code/demofw
os.name=Linux
os.arch=amd64
os.version=5.15.0-73-generic
derby.system.home=null
Database Class Loader started - derby.database.classpath=''
----------------------------------------------------------------
Wed Jun 14 09:44:02 EDT 2023:
Shutting down instance 3bf3bc7c-0188-ba24-78ab-0000096e3000 on database directory /home/matt/code/demofw/db_a with class loader jdk.internal.loader.ClassLoaders$AppClassLoader@251a69d7 
----------------------------------------------------------------
Wed Jun 14 09:44:02 EDT 2023:
Shutting down instance 68410b94-0188-ba24-78ab-0000096e3000 on database directory /home/matt/code/demofw/db_b with class loader jdk.internal.loader.ClassLoaders$AppClassLoader@251a69d7 
----------------------------------------------------------------
Wed Jun 14 09:44:02 EDT 2023:
Booting Derby version The Apache Software Foundation - Apache Derby - 10.16.1.1 - (1901046): instance c1241ab2-0188-ba24-78ab-0000096e3000 
on database directory /home/matt/code/demofw/db_a with class loader jdk.internal.loader.ClassLoaders$AppClassLoader@251a69d7 
Loaded from file:/home/matt/.m2/repository/org/apache/derby/derby/10.16.1.1/derby-10.16.1.1.jar
java.vendor=Private Build
java.runtime.version=17.0.7+7-Ubuntu-0ubuntu120.04
user.dir=/home/matt/code/demofw
os.name=Linux
os.arch=amd64
os.version=5.15.0-73-generic
derby.system.home=null
Database Class Loader started - derby.database.classpath=''
----------------------------------------------------------------
Wed Jun 14 09:44:22 EDT 2023:
Booting Derby version The Apache Software Foundation - Apache Derby - 10.16.1.1 - (1901046): instance 4d3569ca-0188-ba24-78ab-0000096e3000 
on database directory /home/matt/code/demofw/db_b with class loader jdk.internal.loader.ClassLoaders$AppClassLoader@251a69d7 
Loaded from file:/home/matt/.m2/repository/org/apache/derby/derby/10.16.1.1/derby-10.16.1.1.jar
java.vendor=Private Build
java.runtime.version=17.0.7+7-Ubuntu-0ubuntu120.04
user.dir=/home/matt/code/demofw
os.name=Linux
os.arch=amd64
os.version=5.15.0-73-generic
derby.system.home=null
Database Class Loader started - derby.database.classpath=''
----------------------------------------------------------------
Wed Jun 14 09:44:42 EDT 2023:
Shutting down instance c1241ab2-0188-ba24-78ab-0000096e3000 on database directory /home/matt/code/demofw/db_a with class loader jdk.internal.loader.ClassLoaders$AppClassLoader@251a69d7 
----------------------------------------------------------------
Wed Jun 14 09:44:42 EDT 2023:
Shutting down instance 4d3569ca-0188-ba24-78ab-0000096e3000 on database directory /home/matt/code/demofw/db_b with class loader jdk.internal.loader.ClassLoaders$AppClassLoader@251a69d7 
----------------------------------------------------------------
Wed Jun 14 09:44:42 EDT 2023:
Booting Derby version The Apache Software Foundation - Apache Derby - 10.16.1.1 - (1901046): instance 332d78e8-0188-ba24-78ab-0000096e3000 
on database directory /home/matt/code/demofw/db_a with class loader jdk.internal.loader.ClassLoaders$AppClassLoader@251a69d7 
Loaded from file:/home/matt/.m2/repository/org/apache/derby/derby/10.16.1.1/derby-10.16.1.1.jar
java.vendor=Private Build
java.runtime.version=17.0.7+7-Ubuntu-0ubuntu120.04
user.dir=/home/matt/code/demofw
os.name=Linux
os.arch=amd64
os.version=5.15.0-73-generic
derby.system.home=null
Database Class Loader started - derby.database.classpath=''
----------------------------------------------------------------
Wed Jun 14 09:44:58 EDT 2023:
Booting Derby version The Apache Software Foundation - Apache Derby - 10.16.1.1 - (1901046): instance 1f02c800-0188-ba24-78ab-0000096e3000 
on database directory /home/matt/code/demofw/db_b with class loader jdk.internal.loader.ClassLoaders$AppClassLoader@251a69d7 
Loaded from file:/home/matt/.m2/repository/org/apache/derby/derby/10.16.1.1/derby-10.16.1.1.jar
java.vendor=Private Build
java.runtime.version=17.0.7+7-Ubuntu-0ubuntu120.04
user.dir=/home/matt/code/demofw
os.name=Linux
os.arch=amd64
os.version=5.15.0-73-generic
derby.system.home=null
Database Class Loader started - derby.database.classpath=''
----------------------------------------------------------------
Wed Jun 14 09:45:14 EDT 2023:
Shutting down instance 332d78e8-0188-ba24-78ab-0000096e3000 on database directory /home/matt/code/demofw/db_a with class loader jdk.internal.loader.ClassLoaders$AppClassLoader@251a69d7 
----------------------------------------------------------------
Wed Jun 14 09:45:14 EDT 2023:
Shutting down instance 1f02c800-0188-ba24-78ab-0000096e3000 on database directory /home/matt/code/demofw/db_b with class loader jdk.internal.loader.ClassLoaders$AppClassLoader@251a69d7 
